// Jest Snapshot v1, https://goo.gl/fbAQLP

exports[`matches LoadableTokenIcon snapshot 1`] = `<Component />`;
