// Jest Snapshot v1, https://goo.gl/fbAQLP

exports[`Home test matches home snapshot 1`] = `
<styled.div>
  <Connect(Cfd) />
</styled.div>
`;
